../Core/Tasks/Src/dm4310_drv.c:60:6:dm_motor_control_task	32	static
../Core/Tasks/Src/dm4310_drv.c:197:6:dm4310_motor_init	8	static
../Core/Tasks/Src/dm4310_drv.c:288:6:enableMFMotor	24	static
../Core/Tasks/Src/dm4310_drv.c:316:6:disableMFMotor	24	static
../Core/Tasks/Src/dm4310_drv.c:348:6:dm4310_enable	16	static
../Core/Tasks/Src/dm4310_drv.c:377:6:dm4310_disable	16	static
../Core/Tasks/Src/dm4310_drv.c:410:6:dm4310_ctrl_send	16	static
../Core/Tasks/Src/dm4310_drv.c:442:6:dm4310_set	16	static
../Core/Tasks/Src/dm4310_drv.c:462:6:dm4310_clear_para	16	static
../Core/Tasks/Src/dm4310_drv.c:486:6:dm4310_clear_err	16	static
../Core/Tasks/Src/dm4310_drv.c:515:6:dm4310_fbdata	16	static
../Core/Tasks/Src/dm4310_drv.c:536:6:MF_fbdata	48	static
../Core/Tasks/Src/dm4310_drv.c:593:5:float_to_uint	32	static
../Core/Tasks/Src/dm4310_drv.c:613:7:uint_to_float	32	static
../Core/Tasks/Src/dm4310_drv.c:634:6:enable_motor_mode	32	static
../Core/Tasks/Src/dm4310_drv.c:674:6:disable_motor_mode	24	static
../Core/Tasks/Src/dm4310_drv.c:706:6:save_pos_zero	24	static
../Core/Tasks/Src/dm4310_drv.c:738:6:clear_err	24	static
../Core/Tasks/Src/dm4310_drv.c:775:6:mit_ctrl	64	static
../Core/Tasks/Src/dm4310_drv.c:815:6:pos_speed_ctrl	40	static
../Core/Tasks/Src/dm4310_drv.c:853:6:speed_ctrl	32	static
../Core/Tasks/Src/dm4310_drv.c:885:6:MFspeed_ctrl	48	static
../Core/Tasks/Src/dm4310_drv.c:928:6:MFtorque_command	64	static
../Core/Tasks/Src/dm4310_drv.c:971:6:pos_force_ctrl	48	static
