C:/Users/YI MING/Desktop/Revert/robot_firmware_new/Drivers/Include/core_cm4.h:1939:34:__NVIC_SystemReset	4	static,ignoring_inline_asm
../Core/BSP/Src/bsp_imu.c:24:6:MS_Delay	16	static
../Core/BSP/Src/bsp_imu.c:57:7:inv_sqrt	32	static
../Core/BSP/Src/bsp_imu.c:69:6:gyro_write_byte	32	static
../Core/BSP/Src/bsp_imu.c:80:9:gyro_read_byte	32	static
../Core/BSP/Src/bsp_imu.c:90:9:gyro_read_bytes	32	static
../Core/BSP/Src/bsp_imu.c:100:9:gyro_read_bytes_DMA	32	static
../Core/BSP/Src/bsp_imu.c:113:6:accel_write_byte	32	static
../Core/BSP/Src/bsp_imu.c:124:9:accel_read_byte	32	static
../Core/BSP/Src/bsp_imu.c:136:9:accel_read_bytes	32	static
../Core/BSP/Src/bsp_imu.c:147:9:accel_read_bytes_DMA	32	static
../Core/BSP/Src/bsp_imu.c:162:9:gyro_init	16	static
../Core/BSP/Src/bsp_imu.c:203:9:accel_init	16	static
../Core/BSP/Src/bsp_imu.c:242:7:get_bmi_temp	24	static
../Core/BSP/Src/bsp_imu.c:257:9:mag_read_single_reg	40	static
../Core/BSP/Src/bsp_imu.c:263:6:mag_write_single_reg	32	static
../Core/BSP/Src/bsp_imu.c:267:6:mag_read_multi_reg	32	static
../Core/BSP/Src/bsp_imu.c:271:6:mag_read_multi_reg_dma	24	static
../Core/BSP/Src/bsp_imu.c:276:6:reset_imu_data	4	static
../Core/BSP/Src/bsp_imu.c:281:6:gyro_offset_cali	32	static
../Core/BSP/Src/bsp_imu.c:309:6:imu_init	8	static
../Core/BSP/Src/bsp_imu.c:331:6:imu_start_ints	8	static
../Core/BSP/Src/bsp_imu.c:340:6:accel_get_data	8	static
../Core/BSP/Src/bsp_imu.c:349:6:accel_process_data	16	static
../Core/BSP/Src/bsp_imu.c:369:6:gyro_get_data	8	static
../Core/BSP/Src/bsp_imu.c:377:6:gyro_process_data	16	static
../Core/BSP/Src/bsp_imu.c:398:9:ist8310_init	16	static
../Core/BSP/Src/bsp_imu.c:423:6:ist8310_get_data	8	static
../Core/BSP/Src/bsp_imu.c:430:6:HAL_GPIO_EXTI_Callback	16	static
../Core/BSP/Src/bsp_imu.c:467:6:HAL_I2C_MemRxCpltCallback	24	static
