../Core/Src/stm32f4xx_it.c:89:6:NMI_Handler	4	static
../Core/Src/stm32f4xx_it.c:104:6:HardFault_Handler	4	static
../Core/Src/stm32f4xx_it.c:119:6:MemManage_Handler	4	static
../Core/Src/stm32f4xx_it.c:134:6:BusFault_Handler	4	static
../Core/Src/stm32f4xx_it.c:149:6:UsageFault_Handler	4	static
../Core/Src/stm32f4xx_it.c:164:6:DebugMon_Handler	4	static
../Core/Src/stm32f4xx_it.c:184:6:EXTI3_IRQHandler	8	static
../Core/Src/stm32f4xx_it.c:198:6:EXTI4_IRQHandler	8	static
../Core/Src/stm32f4xx_it.c:212:6:DMA1_Stream1_IRQHandler	8	static
../Core/Src/stm32f4xx_it.c:226:6:DMA1_Stream2_IRQHandler	8	static
../Core/Src/stm32f4xx_it.c:240:6:DMA1_Stream4_IRQHandler	8	static
../Core/Src/stm32f4xx_it.c:254:6:CAN1_RX0_IRQHandler	8	static
../Core/Src/stm32f4xx_it.c:268:6:CAN1_RX1_IRQHandler	8	static
../Core/Src/stm32f4xx_it.c:282:6:EXTI9_5_IRQHandler	8	static
../Core/Src/stm32f4xx_it.c:296:6:TIM3_IRQHandler	8	static
../Core/Src/stm32f4xx_it.c:312:6:USART1_IRQHandler	8	static
../Core/Src/stm32f4xx_it.c:326:6:USART3_IRQHandler	8	static
../Core/Src/stm32f4xx_it.c:340:6:EXTI15_10_IRQHandler	8	static
../Core/Src/stm32f4xx_it.c:355:6:TIM6_DAC_IRQHandler	8	static
../Core/Src/stm32f4xx_it.c:369:6:DMA2_Stream0_IRQHandler	8	static
../Core/Src/stm32f4xx_it.c:383:6:DMA2_Stream1_IRQHandler	8	static
../Core/Src/stm32f4xx_it.c:397:6:DMA2_Stream3_IRQHandler	8	static
../Core/Src/stm32f4xx_it.c:411:6:CAN2_RX0_IRQHandler	8	static
../Core/Src/stm32f4xx_it.c:425:6:CAN2_RX1_IRQHandler	8	static
../Core/Src/stm32f4xx_it.c:439:6:OTG_FS_IRQHandler	8	static
../Core/Src/stm32f4xx_it.c:453:6:DMA2_Stream5_IRQHandler	8	static
../Core/Src/stm32f4xx_it.c:467:6:DMA2_Stream6_IRQHandler	8	static
../Core/Src/stm32f4xx_it.c:481:6:USART6_IRQHandler	8	static
../Core/Src/stm32f4xx_it.c:495:6:I2C3_ER_IRQHandler	8	static
