C:/Users/YI MING/Desktop/Revert/robot_firmware_new/System/utils/Inc/Thread.h:24:10:Thread::~Thread()	16	static
C:/Users/YI MING/Desktop/Revert/robot_firmware_new/System/utils/Inc/Thread.h:24:10:virtual Thread::~Thread()	16	static
C:/Users/YI MING/Desktop/Revert/robot_firmware_new/System/Threads/Inc/DataStructures.h:132:11:uint8_t* dummyData::toArray(uint8_t*)	16	static
C:/Users/YI MING/Desktop/Revert/robot_firmware_new/System/BRoCo/include/Protocol/ProtocolMacros.h:7:17:uint16_t __gen_crc16(const uint8_t*, uint16_t)	24	static
../System/Threads/Src/dummy_thread.cpp:17:1:dummyThread::~dummyThread()	16	static
../System/Threads/Src/dummy_thread.cpp:17:1:virtual dummyThread::~dummyThread()	16	static
../System/Threads/Src/dummy_thread.cpp:20:6:virtual void dummyThread::init()	24	static
../System/Threads/Src/dummy_thread.cpp:32:6:virtual void dummyThread::loop()	16	static,ignoring_inline_asm
../System/Threads/Src/dummy_thread.cpp:54:6:static void dummyThread::handle_dummy(uint8_t, dummyPacket*)	32	static
../System/Threads/Src/dummy_thread.cpp:81:1:void __static_initialization_and_destruction_0(int, int)	16	static
../System/Threads/Src/dummy_thread.cpp:81:1:cpp)	8	static
