C:/Users/YI MING/Desktop/MAPLE/robot_firmware_new/System/utils/Inc/Thread.h:24:10:Thread::~Thread()	16	static
C:/Users/YI MING/Desktop/MAPLE/robot_firmware_new/System/utils/Inc/Thread.h:24:10:virtual Thread::~Thread()	16	static
C:/Users/YI MING/Desktop/MAPLE/robot_firmware_new/System/Threads/Inc/DataStructures.h:321:11:uint8_t* MaxChassisPowerData::toArray(uint8_t*)	16	static
C:/Users/YI MING/Desktop/MAPLE/robot_firmware_new/System/BRoCo/include/Protocol/ProtocolMacros.h:7:17:uint16_t __gen_crc16(const uint8_t*, uint16_t)	24	static
../System/Threads/Src/SuperCapCommThread.cpp:20:1:SuperCapCommThread::~SuperCapCommThread()	16	static
../System/Threads/Src/SuperCapCommThread.cpp:20:1:virtual SuperCapCommThread::~SuperCapCommThread()	16	static
../System/Threads/Src/SuperCapCommThread.cpp:23:6:virtual void SuperCapCommThread::init()	16	static
../System/Threads/Src/SuperCapCommThread.cpp:35:6:virtual void SuperCapCommThread::loop()	16	static,ignoring_inline_asm
../System/Threads/Src/SuperCapCommThread.cpp:52:6:static void SuperCapCommThread::handle_supercap(uint8_t, SuperCapDataPacket*)	24	static
