../Core/Tasks/Src/balancing_chassis_task.c:97:6:Ctrl_Init	8	static
../Core/Tasks/Src/balancing_chassis_task.c:112:5:computeError	16	static
../Core/Tasks/Src/balancing_chassis_task.c:116:6:Ctrl_TargetUpdateTask	48	static
../Core/Tasks/Src/balancing_chassis_task.c:216:5:ground_detect	48	static
../Core/Tasks/Src/balancing_chassis_task.c:239:5:ground_detect_staircase	48	static
../Core/Tasks/Src/balancing_chassis_task.c:255:5:robot_check	4	static
../Core/Tasks/Src/balancing_chassis_task.c:275:6:state_update	16	static
../Core/Tasks/Src/balancing_chassis_task.c:300:6:kill_chassis	4	static
../Core/Tasks/Src/balancing_chassis_task.c:311:6:manual_set_PidInit	8	static
../Core/Tasks/Src/balancing_chassis_task.c:318:6:manual_set_legPos	56	static
../Core/Tasks/Src/balancing_chassis_task.c:350:6:calculate_T_TP	88	static
../Core/Tasks/Src/balancing_chassis_task.c:375:6:gimbal_auto_front	8	static
../Core/Tasks/Src/balancing_chassis_task.c:392:6:balancing_chassis_task	120	static
