../Core/Tasks/Src/balancing_chassis_task.c:105:6:Ctrl_Init	8	static
../Core/Tasks/Src/balancing_chassis_task.c:124:5:computeError	16	static
../Core/Tasks/Src/balancing_chassis_task.c:128:6:Ctrl_TargetUpdateTask	40	static
../Core/Tasks/Src/balancing_chassis_task.c:232:5:ground_detect	48	static
../Core/Tasks/Src/balancing_chassis_task.c:255:5:ground_detect_staircase	48	static
../Core/Tasks/Src/balancing_chassis_task.c:271:5:robot_check	16	static
../Core/Tasks/Src/balancing_chassis_task.c:303:6:state_update	16	static
../Core/Tasks/Src/balancing_chassis_task.c:328:6:kill_chassis	4	static
../Core/Tasks/Src/balancing_chassis_task.c:339:6:manual_set_PidInit	8	static
../Core/Tasks/Src/balancing_chassis_task.c:346:6:manual_set_legPos	56	static
../Core/Tasks/Src/balancing_chassis_task.c:378:6:calculate_T_TP	88	static
../Core/Tasks/Src/balancing_chassis_task.c:403:6:gimbal_auto_front	8	static
../Core/Tasks/Src/balancing_chassis_task.c:420:6:balancing_chassis_task	136	static
