C:/Users/YI MING/Desktop/MAPLE/robot_firmware_new/Drivers/Include/core_cm4.h:1939:34:__NVIC_SystemReset	4	static,ignoring_inline_asm
../Core/Tasks/Src/control_input_task.c:44:6:ramp	24	static
../Core/Tasks/Src/control_input_task.c:55:6:control_input_task	64	static
../Core/Tasks/Src/control_input_task.c:164:6:chassis_set_ctrl	24	static
../Core/Tasks/Src/control_input_task.c:174:6:chassis_kill_ctrl	4	static
../Core/Tasks/Src/control_input_task.c:180:9:gimbal_aim_at_damaged_plate	16	static
../Core/Tasks/Src/control_input_task.c:218:6:control_reset	8	static
../Core/Tasks/Src/control_input_task.c:233:6:control_mode_change	24	static
../Core/Tasks/Src/control_input_task.c:308:6:gimbal_turn_ang	16	static
../Core/Tasks/Src/control_input_task.c:323:6:gimbal_set_ang	16	static
../Core/Tasks/Src/control_input_task.c:336:6:chassis_yaw_pid_init	4	static
../Core/Tasks/Src/control_input_task.c:345:6:dbus_reset	4	static
