../Core/Tasks/Src/dm4310_drv.c:28:6:dm4310_motor_init	8	static
../Core/Tasks/Src/dm4310_drv.c:103:6:enableMFMotor	24	static
../Core/Tasks/Src/dm4310_drv.c:123:6:disableMFMotor	24	static
../Core/Tasks/Src/dm4310_drv.c:141:6:dm4310_enable	16	static
../Core/Tasks/Src/dm4310_drv.c:169:6:dm4310_disable	16	static
../Core/Tasks/Src/dm4310_drv.c:198:6:dm4310_ctrl_send	16	static
../Core/Tasks/Src/dm4310_drv.c:225:6:dm4310_set	16	static
../Core/Tasks/Src/dm4310_drv.c:243:6:dm4310_clear_para	16	static
../Core/Tasks/Src/dm4310_drv.c:266:6:dm4310_clear_err	16	static
../Core/Tasks/Src/dm4310_drv.c:291:6:dm4310_fbdata	16	static
../Core/Tasks/Src/dm4310_drv.c:304:6:MF_fbdata	24	static
../Core/Tasks/Src/dm4310_drv.c:331:5:float_to_uint	32	static
../Core/Tasks/Src/dm4310_drv.c:349:7:uint_to_float	32	static
../Core/Tasks/Src/dm4310_drv.c:367:6:enable_motor_mode	32	static
../Core/Tasks/Src/dm4310_drv.c:398:6:disable_motor_mode	24	static
../Core/Tasks/Src/dm4310_drv.c:427:6:save_pos_zero	24	static
../Core/Tasks/Src/dm4310_drv.c:456:6:clear_err	24	static
../Core/Tasks/Src/dm4310_drv.c:489:6:mit_ctrl	64	static
../Core/Tasks/Src/dm4310_drv.c:525:6:pos_speed_ctrl	40	static
../Core/Tasks/Src/dm4310_drv.c:560:6:speed_ctrl	32	static
../Core/Tasks/Src/dm4310_drv.c:578:6:MFspeed_ctrl	48	static
../Core/Tasks/Src/dm4310_drv.c:608:6:MFtorque_command	64	static
../Core/Tasks/Src/dm4310_drv.c:648:6:pos_force_ctrl	48	static
