../Core/Tasks/Src/dm4310_drv.c:32:6:dm_motor_control_task	16	static
../Core/Tasks/Src/dm4310_drv.c:146:6:dm4310_motor_init	8	static
../Core/Tasks/Src/dm4310_drv.c:240:6:enableMFMotor	24	static
../Core/Tasks/Src/dm4310_drv.c:260:6:disableMFMotor	24	static
../Core/Tasks/Src/dm4310_drv.c:278:6:dm4310_enable	16	static
../Core/Tasks/Src/dm4310_drv.c:306:6:dm4310_disable	16	static
../Core/Tasks/Src/dm4310_drv.c:335:6:dm4310_ctrl_send	16	static
../Core/Tasks/Src/dm4310_drv.c:362:6:dm4310_set	16	static
../Core/Tasks/Src/dm4310_drv.c:380:6:dm4310_clear_para	16	static
../Core/Tasks/Src/dm4310_drv.c:403:6:dm4310_clear_err	16	static
../Core/Tasks/Src/dm4310_drv.c:428:6:dm4310_fbdata	16	static
../Core/Tasks/Src/dm4310_drv.c:448:6:MF_fbdata	48	static
../Core/Tasks/Src/dm4310_drv.c:506:5:float_to_uint	32	static
../Core/Tasks/Src/dm4310_drv.c:524:7:uint_to_float	32	static
../Core/Tasks/Src/dm4310_drv.c:542:6:enable_motor_mode	32	static
../Core/Tasks/Src/dm4310_drv.c:579:6:disable_motor_mode	24	static
../Core/Tasks/Src/dm4310_drv.c:608:6:save_pos_zero	24	static
../Core/Tasks/Src/dm4310_drv.c:637:6:clear_err	24	static
../Core/Tasks/Src/dm4310_drv.c:670:6:mit_ctrl	64	static
../Core/Tasks/Src/dm4310_drv.c:706:6:pos_speed_ctrl	40	static
../Core/Tasks/Src/dm4310_drv.c:741:6:speed_ctrl	32	static
../Core/Tasks/Src/dm4310_drv.c:759:6:MFspeed_ctrl	48	static
../Core/Tasks/Src/dm4310_drv.c:789:6:MFtorque_command	64	static
../Core/Tasks/Src/dm4310_drv.c:829:6:pos_force_ctrl	48	static
