../Core/Tasks/Src/dm4310_drv.c:35:6:dm_motor_control_task	32	static
../Core/Tasks/Src/dm4310_drv.c:164:6:dm4310_motor_init	8	static
../Core/Tasks/Src/dm4310_drv.c:264:6:enableMFMotor	24	static
../Core/Tasks/Src/dm4310_drv.c:284:6:disableMFMotor	24	static
../Core/Tasks/Src/dm4310_drv.c:302:6:dm4310_enable	16	static
../Core/Tasks/Src/dm4310_drv.c:330:6:dm4310_disable	16	static
../Core/Tasks/Src/dm4310_drv.c:359:6:dm4310_ctrl_send	16	static
../Core/Tasks/Src/dm4310_drv.c:386:6:dm4310_set	16	static
../Core/Tasks/Src/dm4310_drv.c:404:6:dm4310_clear_para	16	static
../Core/Tasks/Src/dm4310_drv.c:427:6:dm4310_clear_err	16	static
../Core/Tasks/Src/dm4310_drv.c:452:6:dm4310_fbdata	16	static
../Core/Tasks/Src/dm4310_drv.c:472:6:MF_fbdata	48	static
../Core/Tasks/Src/dm4310_drv.c:530:5:float_to_uint	32	static
../Core/Tasks/Src/dm4310_drv.c:548:7:uint_to_float	32	static
../Core/Tasks/Src/dm4310_drv.c:566:6:enable_motor_mode	32	static
../Core/Tasks/Src/dm4310_drv.c:603:6:disable_motor_mode	24	static
../Core/Tasks/Src/dm4310_drv.c:632:6:save_pos_zero	24	static
../Core/Tasks/Src/dm4310_drv.c:661:6:clear_err	24	static
../Core/Tasks/Src/dm4310_drv.c:694:6:mit_ctrl	64	static
../Core/Tasks/Src/dm4310_drv.c:730:6:pos_speed_ctrl	40	static
../Core/Tasks/Src/dm4310_drv.c:765:6:speed_ctrl	32	static
../Core/Tasks/Src/dm4310_drv.c:783:6:MFspeed_ctrl	48	static
../Core/Tasks/Src/dm4310_drv.c:813:6:MFtorque_command	64	static
../Core/Tasks/Src/dm4310_drv.c:853:6:pos_force_ctrl	48	static
