../Core/Tasks/Src/dm4310_drv.c:33:6:dm_motor_control_task	16	static
../Core/Tasks/Src/dm4310_drv.c:142:6:dm4310_motor_init	8	static
../Core/Tasks/Src/dm4310_drv.c:233:6:enableMFMotor	24	static
../Core/Tasks/Src/dm4310_drv.c:253:6:disableMFMotor	24	static
../Core/Tasks/Src/dm4310_drv.c:271:6:dm4310_enable	16	static
../Core/Tasks/Src/dm4310_drv.c:299:6:dm4310_disable	16	static
../Core/Tasks/Src/dm4310_drv.c:328:6:dm4310_ctrl_send	16	static
../Core/Tasks/Src/dm4310_drv.c:355:6:dm4310_set	16	static
../Core/Tasks/Src/dm4310_drv.c:373:6:dm4310_clear_para	16	static
../Core/Tasks/Src/dm4310_drv.c:396:6:dm4310_clear_err	16	static
../Core/Tasks/Src/dm4310_drv.c:421:6:dm4310_fbdata	16	static
../Core/Tasks/Src/dm4310_drv.c:441:6:MF_fbdata	48	static
../Core/Tasks/Src/dm4310_drv.c:499:5:float_to_uint	32	static
../Core/Tasks/Src/dm4310_drv.c:517:7:uint_to_float	32	static
../Core/Tasks/Src/dm4310_drv.c:535:6:enable_motor_mode	32	static
../Core/Tasks/Src/dm4310_drv.c:566:6:disable_motor_mode	24	static
../Core/Tasks/Src/dm4310_drv.c:595:6:save_pos_zero	24	static
../Core/Tasks/Src/dm4310_drv.c:624:6:clear_err	24	static
../Core/Tasks/Src/dm4310_drv.c:657:6:mit_ctrl	64	static
../Core/Tasks/Src/dm4310_drv.c:693:6:pos_speed_ctrl	40	static
../Core/Tasks/Src/dm4310_drv.c:728:6:speed_ctrl	32	static
../Core/Tasks/Src/dm4310_drv.c:746:6:MFspeed_ctrl	48	static
../Core/Tasks/Src/dm4310_drv.c:776:6:MFtorque_command	64	static
../Core/Tasks/Src/dm4310_drv.c:816:6:pos_force_ctrl	48	static
