../Core/Tasks/Src/dm4310_drv.c:32:6:dm_motor_control_task	16	static
../Core/Tasks/Src/dm4310_drv.c:141:6:dm4310_motor_init	8	static
../Core/Tasks/Src/dm4310_drv.c:232:6:enableMFMotor	24	static
../Core/Tasks/Src/dm4310_drv.c:252:6:disableMFMotor	24	static
../Core/Tasks/Src/dm4310_drv.c:270:6:dm4310_enable	16	static
../Core/Tasks/Src/dm4310_drv.c:298:6:dm4310_disable	16	static
../Core/Tasks/Src/dm4310_drv.c:327:6:dm4310_ctrl_send	16	static
../Core/Tasks/Src/dm4310_drv.c:354:6:dm4310_set	16	static
../Core/Tasks/Src/dm4310_drv.c:372:6:dm4310_clear_para	16	static
../Core/Tasks/Src/dm4310_drv.c:395:6:dm4310_clear_err	16	static
../Core/Tasks/Src/dm4310_drv.c:420:6:dm4310_fbdata	16	static
../Core/Tasks/Src/dm4310_drv.c:440:6:MF_fbdata	48	static
../Core/Tasks/Src/dm4310_drv.c:498:5:float_to_uint	32	static
../Core/Tasks/Src/dm4310_drv.c:516:7:uint_to_float	32	static
../Core/Tasks/Src/dm4310_drv.c:534:6:enable_motor_mode	32	static
../Core/Tasks/Src/dm4310_drv.c:565:6:disable_motor_mode	24	static
../Core/Tasks/Src/dm4310_drv.c:594:6:save_pos_zero	24	static
../Core/Tasks/Src/dm4310_drv.c:623:6:clear_err	24	static
../Core/Tasks/Src/dm4310_drv.c:656:6:mit_ctrl	64	static
../Core/Tasks/Src/dm4310_drv.c:692:6:pos_speed_ctrl	40	static
../Core/Tasks/Src/dm4310_drv.c:727:6:speed_ctrl	32	static
../Core/Tasks/Src/dm4310_drv.c:745:6:MFspeed_ctrl	48	static
../Core/Tasks/Src/dm4310_drv.c:775:6:MFtorque_command	64	static
../Core/Tasks/Src/dm4310_drv.c:815:6:pos_force_ctrl	48	static
